<html>
<body>
<pre>
<h1>µVision Build Log</h1>
<h2>Tool Versions:</h2>
IDE-Version: ¦ÌVision V5.14.0.0
Copyright (C) 2015 ARM Ltd and ARM Germany GmbH. All rights reserved.
License Information: 1 Microsoft, Microsoft, LIC=S5IHL-0SBRN-66KQS-LCJJ0-3ITFL-TE5CQ
 
Tool Versions:
Toolchain:       MDK-ARM Professional  Version: 5.14.0.0
Toolchain Path:  d:\Keil_v5\ARM\ARMCC\Bin
C Compiler:      Armcc.exe V5.05 update 1 (build 106)
Assembler:       Armasm.exe V5.05 update 1 (build 106)
Linker/Locator:  ArmLink.exe V5.05 update 1 (build 106)
Library Manager: ArmAr.exe V5.05 update 1 (build 106)
Hex Converter:   FromElf.exe V5.05 update 1 (build 106)
CPU DLL:         SARMCM3.DLL V5.14.0.0
Dialog DLL:      DCM.DLL V1.13.1.0
Target DLL:      STLink\ST-LINKIII-KEIL_SWO.dll V2.0.14.0_KEIL
Dialog DLL:      TCM.DLL V1.14.4.0
 
<h2>Project:</h2>
C:\Users\god\Desktop\Àı9-1 UCOSIIIÈí¼ş¶¨Ê±Æ÷\USER\Template.uvprojx
Project File Date:  04/20/2016

<h2>Output:</h2>
Build target 'Template'
compiling main.c...
..\USER\usart1.h(9): warning:  #1-D: last line of file ends without a newline
  #endif
..\USER\OSTmr.h(13): warning:  #1-D: last line of file ends without a newline
  #endif
..\USER\spi2.h(19): warning:  #1-D: last line of file ends without a newline
  #endif
main.c: 3 warnings, 0 errors
compiling stm32f4xx_it.c...
stm32f4xx_it.c(66): warning:  #223-D: function "printf" declared implicitly
        printf("HardFault_Handler");
stm32f4xx_it.c: 1 warning, 0 errors
compiling system_stm32f4xx.c...
compiling usart1.c...
usart1.h(9): warning:  #1-D: last line of file ends without a newline
  #endif
OSTmr.h(13): warning:  #1-D: last line of file ends without a newline
  #endif
usart1.h(9): warning:  #1-D: last line of file ends without a newline
  #endif
usart1.c(47): warning:  #1-D: last line of file ends without a newline
  }
usart1.c: 4 warnings, 0 errors
compiling init.c...
usart1.h(9): warning:  #1-D: last line of file ends without a newline
  #endif
OSTmr.h(13): warning:  #1-D: last line of file ends without a newline
  #endif
init.c: 2 warnings, 0 errors
compiling malloc.c...
usart1.h(9): warning:  #1-D: last line of file ends without a newline
  #endif
OSTmr.h(13): warning:  #1-D: last line of file ends without a newline
  #endif
malloc.c: 2 warnings, 0 errors
compiling enc28j60.c...
usart1.h(9): warning:  #1-D: last line of file ends without a newline
  #endif
OSTmr.h(13): warning:  #1-D: last line of file ends without a newline
  #endif
spi2.h(19): warning:  #1-D: last line of file ends without a newline
  #endif
enc28j60.c(200): warning:  #870-D: invalid multibyte character sequence
        printf("å·¥ä½œçŠ¶æ€?%d\n",ENC28J60_Get_Duplex());
enc28j60.c(36): warning:  #177-D: variable "temp" was declared but never referenced
        u32 temp;
enc28j60.c(456): warning:  #870-D: invalid multibyte character sequence
                printf("æ¥æ”¶é”™è¯¯ï¼æ¥æ”¶åˆ°æ•°æ®åŒ…ä¸ªæ•?%d\r\n",packetnum);
enc28j60.c(462): warning:  #870-D: invalid multibyte character sequence
                printf("å‘é€é”™è¯?\r\n");
enc28j60.c: 7 warnings, 0 errors
compiling spi2.c...
usart1.h(9): warning:  #1-D: last line of file ends without a newline
  #endif
OSTmr.h(13): warning:  #1-D: last line of file ends without a newline
  #endif
spi2.h(19): warning:  #1-D: last line of file ends without a newline
  #endif
spi2.c(80): warning:  #1-D: last line of file ends without a newline
  }
spi2.c: 4 warnings, 0 errors
compiling OSTmr.c...
usart1.h(9): warning:  #1-D: last line of file ends without a newline
  #endif
OSTmr.h(13): warning:  #1-D: last line of file ends without a newline
  #endif
OSTmr.h(13): warning:  #1-D: last line of file ends without a newline
  #endif
OSTmr.c(13): warning:  #1-D: last line of file ends without a newline
  {}
OSTmr.c: 4 warnings, 0 errors
compiling misc.c...
compiling stm32f4xx_gpio.c...
compiling stm32f4xx_rcc.c...
compiling stm32f4xx_syscfg.c...
compiling stm32f4xx_usart.c...
compiling stm32f4xx_fsmc.c...
compiling stm32f4xx_tim.c...
compiling stm32f4xx_exti.c...
compiling stm32f4xx_spi.c...
compiling sys.c...
compiling delay.c...
compiling bsp.c...
compiling cpu_c.c...
compiling cpu_core.c...
compiling lib_ascii.c...
compiling lib_math.c...
compiling lib_mem.c...
compiling lib_str.c...
compiling os_cfg_app.c...
compiling os_core.c...
compiling os_dbg.c...
compiling os_flag.c...
compiling os_int.c...
compiling os_mem.c...
compiling os_msg.c...
compiling os_mutex.c...
compiling os_pend_multi.c...
compiling os_prio.c...
compiling os_q.c...
compiling os_sem.c...
compiling os_stat.c...
compiling os_task.c...
compiling os_tick.c...
compiling os_time.c...
compiling os_tmr.c...
compiling os_var.c...
compiling os_cpu_c.c...
compiling os_app_hooks.c...
compiling sys_arch.c...
compiling lwip_comm.c...
..\USER\usart1.h(9): warning:  #1-D: last line of file ends without a newline
  #endif
..\USER\OSTmr.h(13): warning:  #1-D: last line of file ends without a newline
  #endif
..\USER\spi2.h(19): warning:  #1-D: last line of file ends without a newline
  #endif
..\LWIP\lwip_app\lwip_comm\lwip_comm.c(213): warning:  #870-D: invalid multibyte character sequence
                        printf("æ­£åœ¨æŸ¥æ‰¾DHCPæœåŠ¡å™?è¯·ç¨ç­?..........\r\n");  
..\LWIP\lwip_app\lwip_comm\lwip_comm.c(213): warning:  #870-D: invalid multibyte character sequence
                        printf("æ­£åœ¨æŸ¥æ‰¾DHCPæœåŠ¡å™?è¯·ç¨ç­?..........\r\n");  
..\LWIP\lwip_app\lwip_comm\lwip_comm.c(224): warning:  #870-D: invalid multibyte character sequence
                                printf("ç½‘å¡ençš„MACåœ°å€ä¸?................%d.%d.%d.%d.%d.%d\r\n",lwipdev.mac[0],lwipdev.mac[1],lwipdev.mac[2],lwipdev.mac[3],lwipdev.mac[4],lwipdev.mac[5]);
..\LWIP\lwip_app\lwip_comm\lwip_comm.c(236): warning:  #870-D: invalid multibyte character sequence
                                printf("é€šè¿‡DHCPè·å–åˆ°å­ç½‘æ©ç ?...........%d.%d.%d.%d\r\n",lwipdev.netmask[0],lwipdev.netmask[1],lwipdev.netmask[2],lwipdev.netmask[3]);
..\LWIP\lwip_app\lwip_comm\lwip_comm.c(251): warning:  #870-D: invalid multibyte character sequence
                                printf("ç½‘å¡ençš„MACåœ°å€ä¸?................%d.%d.%d.%d.%d.%d\r\n",lwipdev.mac[0],lwipdev.mac[1],lwipdev.mac[2],lwipdev.mac[3],lwipdev.mac[4],lwipdev.mac[5]);
..\LWIP\lwip_app\lwip_comm\lwip_comm.c: 8 warnings, 0 errors
compiling api_lib.c...
compiling api_msg.c...
compiling err.c...
compiling netbuf.c...
compiling netdb.c...
compiling netifapi.c...
compiling sockets.c...
compiling tcpip.c...
compiling def.c...
compiling dhcp.c...
compiling dns.c...
compiling lwip_init.c...
compiling lwip_sys.c...
compiling mem.c...
compiling memp.c...
compiling netif.c...
compiling pbuf.c...
compiling raw.c...
compiling stats.c...
compiling tcp.c...
compiling tcp_in.c...
compiling tcp_out.c...
compiling timers.c...
compiling udp.c...
compiling etharp.c...
compiling ethernetif.c...
..\USER\usart1.h(9): warning:  #1-D: last line of file ends without a newline
  #endif
..\USER\OSTmr.h(13): warning:  #1-D: last line of file ends without a newline
  #endif
..\USER\spi2.h(19): warning:  #1-D: last line of file ends without a newline
  #endif
..\LWIP\lwip-1.4.1\src\netif\ethernetif.c: 3 warnings, 0 errors
compiling slipif.c...
compiling autoip.c...
compiling icmp.c...
compiling igmp.c...
compiling inet.c...
compiling inet_chksum.c...
compiling ip.c...
compiling ip_addr.c...
compiling ip_frag.c...
linking...
Program Size: Code=97824 RO-data=1916 RW-data=464 ZI-data=106960  
FromELF: creating hex file...
"..\OBJ\Template.axf" - 0 Error(s), 38 Warning(s).

<h2>Collection of Component include folders:</h2>
  C:\Users\god\Desktop\Àı9-1 UCOSIIIÈí¼ş¶¨Ê±Æ÷\USER\RTE
  d:\Keil_v5\ARM\PACK\Keil\STM32F4xx_DFP\1.0.8\Device\Include

<h2>Collection of Component Files used:</h2>
</pre>
</body>
</html>
